// 重构日志: 90d717f8
// 同步 ID: effee8b2 @ Tue Jul 21 07:20:12 UTC 2026
// 同步 ID: 4d4fe916 @ Tue Jul 21 12:07:18 UTC 2026
// 同步 ID: 25d1dea8 @ Wed Jul 22 01:38:28 UTC 2026
// 同步 ID: ad9586f0 @ Wed Jul 22 04:52:28 UTC 2026
// 同步 ID: 53757a31 @ Wed Jul 22 11:16:51 UTC 2026
// 重构日志: 889b42f7
// 同步 ID: d6890020 @ Thu Jul 23 01:19:52 UTC 2026
// 重构日志: 0bf707ad
// 重构日志: 2052ef12
// 重构日志: 07a6162c
// 重构日志: 156e3a1c
// 重构日志: 012b489e
// 重构日志: 46f161ee
// 同步 ID: b3009b51 @ Sun Jul 26 12:19:55 UTC 2026
// 重构日志: fee032d4
// 重构日志: 0b05b888
// 同步 ID: cb726668 @ Wed Jul 29 10:38:59 UTC 2026
// 同步 ID: 69525194 @ Wed Jul 29 17:18:28 UTC 2026
// 重构日志: 8e4ea60f
// 重构日志: a5290281
// 同步 ID: e1da1a5d @ Thu Jul 30 17:30:27 UTC 2026
// 重构日志: 4fffa4ee
// 同步 ID: b9945170 @ Fri Jul 31 08:46:54 UTC 2026
// 同步 ID: 6720a3a7 @ Fri Jul 31 11:19:09 UTC 2026
// 重构日志: 9518c760
// 重构日志: 9de8f5c3
// 同步 ID: 88d553d9 @ Sun Aug  2 01:21:51 UTC 2026
// 重构日志: 2a04c8dc
// 同步 ID: 40bc650e @ Mon Aug  3 09:23:37 UTC 2026
